2026-09-11T17:28:31.894734Z  INFO rgb402_agent::wallet_agent: event="agent_request_received"
2026-09-11T17:28:37.834890Z  INFO rgb402_agent::wallet_agent: event="agent_tool_requested" tool=wallet_decode_invoice
2026-09-11T17:28:37.839800Z  INFO rgb402_payment::wallet: event="invoice_decoded" payment_hash=68da73ae25781c24362d8fea7d7b4e8163544a5697259fb62c025a68aca190e6 asset=rgb:a45R_GaI-6nlzwJO-b7Rg0bQ-XHDQVz0-Zh98TMR-LeuLP4M amount=5
2026-09-11T17:28:37.839840Z  INFO rgb402_agent::wallet_agent: event="agent_tool_completed" tool=wallet_decode_invoice
2026-09-11T17:28:38.919693Z  INFO rgb402_agent::wallet_agent: event="agent_tool_requested" tool=wallet_get_assets
2026-09-11T17:28:38.927121Z  INFO rgb402_agent::wallet_agent: event="agent_tool_completed" tool=wallet_get_assets
2026-09-11T17:28:40.820541Z  INFO rgb402_agent::wallet_agent: event="agent_tool_requested" tool=wallet_get_balance
2026-09-11T17:28:40.827127Z  INFO rgb402_agent::wallet_agent: event="agent_tool_completed" tool=wallet_get_balance
2026-09-11T17:28:45.475503Z  INFO rgb402_agent::wallet_agent: event="agent_tool_requested" tool=wallet_prepare_payment
2026-09-11T17:28:45.475569Z  INFO rgb402_payment::wallet: event="payment_requested"
2026-09-11T17:28:45.477936Z  INFO rgb402_payment::wallet: event="invoice_decoded" payment_hash=68da73ae25781c24362d8fea7d7b4e8163544a5697259fb62c025a68aca190e6 asset=rgb:a45R_GaI-6nlzwJO-b7Rg0bQ-XHDQVz0-Zh98TMR-LeuLP4M amount=5
2026-09-11T17:28:45.483798Z  INFO rgb402_payment::wallet: event="policy_evaluated" plan_id=68da73ae25781c24362d8fea7d7b4e8163544a5697259fb62c025a68aca190e6-1 decision=RequireApproval { reason: "amount meets or exceeds auto approval threshold" }
2026-09-11T17:28:45.483837Z  INFO rgb402_payment::wallet: event="approval_requested" plan_id=68da73ae25781c24362d8fea7d7b4e8163544a5697259fb62c025a68aca190e6-1
2026-09-11T17:28:45.483865Z  INFO rgb402_agent::wallet_agent: event="agent_tool_completed" tool=wallet_prepare_payment
2026-09-11T17:28:45.483885Z  INFO rgb402_agent::wallet_agent: event="payment_plan_presented" plan_id=68da73ae25781c24362d8fea7d7b4e8163544a5697259fb62c025a68aca190e6-1
2026-09-11T17:31:42.653224Z  INFO rgb402_payment::wallet: event="approval_received" plan_id=68da73ae25781c24362d8fea7d7b4e8163544a5697259fb62c025a68aca190e6-1
2026-09-11T17:31:42.653278Z  INFO rgb402_agent::wallet_agent: event="agent_request_received"
2026-09-11T17:31:44.755556Z  INFO rgb402_agent::wallet_agent: event="agent_tool_requested" tool=wallet_execute_payment
2026-09-11T17:31:44.755626Z  INFO rgb402_agent::wallet_agent: event="payment_execution_requested" plan_id=68da73ae25781c24362d8fea7d7b4e8163544a5697259fb62c025a68aca190e6-1
2026-09-11T17:31:44.759417Z  INFO rgb402_payment::wallet: event="invoice_decoded" payment_hash=68da73ae25781c24362d8fea7d7b4e8163544a5697259fb62c025a68aca190e6 asset=rgb:a45R_GaI-6nlzwJO-b7Rg0bQ-XHDQVz0-Zh98TMR-LeuLP4M amount=5
2026-09-11T17:31:44.764405Z  INFO rgb402_payment::wallet: event="policy_evaluated" plan_id=68da73ae25781c24362d8fea7d7b4e8163544a5697259fb62c025a68aca190e6-1 decision=RequireApproval { reason: "amount meets or exceeds auto approval threshold" }
2026-09-11T17:31:46.215268Z  INFO rgb402_payment::wallet: event="payment_submitted" plan_id=68da73ae25781c24362d8fea7d7b4e8163544a5697259fb62c025a68aca190e6-1 payment_hash=68da73ae25781c24362d8fea7d7b4e8163544a5697259fb62c025a68aca190e6
2026-09-11T17:31:46.217437Z  INFO rgb402_agent::wallet_agent: event="agent_tool_completed" tool=wallet_execute_payment
2026-09-11T17:31:49.712979Z  INFO rgb402_agent::wallet_agent: event="agent_tool_requested" tool=wallet_payment_status
2026-09-11T17:31:50.150716Z  INFO rgb402_agent::wallet_agent: event="agent_tool_completed" tool=wallet_payment_status
2026-09-11T17:31:53.148234Z  INFO rgb402_payment::wallet: event="payment_settled" payment_hash=68da73ae25781c24362d8fea7d7b4e8163544a5697259fb62c025a68aca190e6
